<?xml version="1.0" encoding="UTF-8"?>
<testsuites name="jest tests" tests="2" failures="0" time="8.379">
  <testsuite name="Query.chat" errors="0" failures="0" skipped="0" timestamp="2020-08-05T13:13:13" time="6.955" tests="1">
    <testcase classname="Query.chat should fetch specified chat" name="Query.chat should fetch specified chat" time="0.081">
    </testcase>
  </testsuite>
  <testsuite name="Query.chats" errors="0" failures="0" skipped="0" timestamp="2020-08-05T13:13:13" time="6.996" tests="1">
    <testcase classname="Query.chats should fetch all chats" name="Query.chats should fetch all chats" time="0.097">
    </testcase>
  </testsuite>
</testsuites>